Last login: Sun May  5 23:14:06 on ttys000
Anikas-MBP:~ anikahussen$ ssh ah3866@i6.cims.nyu.edu 
Password: 
Last failed login: Sun May  5 23:14:31 EDT 2019 from 207-38-170-51.s8984.c3-0.43d-cbr1.qens-43d.ny.cable.rcncustomer.com on ssh:notty
There were 2 failed login attempts since the last successful login.
Last login: Sun May  5 23:13:45 2019 from 207.38.170.51
You are using 78% of your 1.0G quota for /home/ah3866.
You are using 1% of your 1.0G quota for /web/ah3866.
[ah3866@i6 ~]$ cd public_html/hs_folder
[ah3866@i6 hs_folder]$ ls
hearthstone.json
[ah3866@i6 hs_folder]$ module load mongodb-3.2.0 
[ah3866@i6 hs_folder]$ mongo ah3866 --host class-mongodb.cims.nyu.edu -u ah3866 -p LWZPNzVj
MongoDB shell version: 3.2.0
connecting to: class-mongodb.cims.nyu.edu:27017/ah3866
> show collections
cards
system.indexes
> db.cards.find({"rarity":"RARE"}).count()
574
> db.cards.find({"artist": {$ne: null}},{"_id":0,"artist":1, "cost":1}).sort({"cost":-1}).limit(3)
{ "artist" : "Arthur Gimaldinov", "cost" : 25 }
{ "artist" : "Glenn Rane", "cost" : 20 }
{ "artist" : "Samwise", "cost" : 12 }
> db.cards.find({$and: [{"rarity":"LEGENDARY"}, {"cost":0}]}, {"_id":0, "name":1, "type": 1})
{ "name" : "Golden Legendary", "type" : "MINION" }
{ "name" : "Josh Harris", "type" : "MINION" }
{ "name" : "Dave Kosak", "type" : "MINION" }
{ "name" : "Jacob Jarecki", "type" : "MINION" }
> db.cards.find({ "artist": "Gabe from Penny Arcade"}, {"_id":0,type:1})
{ "type" : "MINION" }
{ "type" : "SPELL" }
> db.cards.find({$and: [{"attack":0}, {"rarity":"RARE"}, {"health":{$lt:5}}]}, {"_id":0, "name":1, "attack":1,"health":1}).sort({"health":1})
{ "attack" : 0, "health" : 2, "name" : "Test Subject" }
{ "attack" : 0, "health" : 2, "name" : "Dragon Egg" }
{ "attack" : 0, "health" : 2, "name" : "Nerubian Egg" }
{ "attack" : 0, "health" : 2, "name" : "Target Dummy" }
{ "attack" : 0, "health" : 2, "name" : "Serpent Ward" }
{ "attack" : 0, "health" : 3, "name" : "Alarm-o-Bot" }
{ "attack" : 0, "health" : 3, "name" : "Mana Tide Totem" }
{ "attack" : 0, "health" : 3, "name" : "Vitality Totem" }
{ "attack" : 0, "health" : 3, "name" : "Spirit of the Frog" }
{ "attack" : 0, "health" : 3, "name" : "Spirit of the Shark" }
{ "attack" : 0, "health" : 3, "name" : "Spirit of the Raptor" }
{ "attack" : 0, "health" : 3, "name" : "Spirit of the Bat" }
{ "attack" : 0, "health" : 3, "name" : "Spirit of the Tiger" }
{ "attack" : 0, "health" : 3, "name" : "Spirit of the Dragonhawk" }
{ "attack" : 0, "health" : 3, "name" : "Spirit of the Rhino" }
{ "attack" : 0, "health" : 3, "name" : "Spirit of the Dead" }
{ "attack" : 0, "health" : 3, "name" : "Spirit of the Lynx" }
{ "attack" : 0, "health" : 3, "name" : "Devilsaur Egg" }
{ "attack" : 0, "health" : 3, "name" : "Primalfin Totem" }
> db.cards.find({$and: [{"type": "WEAPON"},{"attack":{$in:[10,20]}}]}).count()
1
> db.cards.find({$and: [{"artist":"Matt Dixon"}, {"race":{$nin:["MURLOC","DEMON", "BEAST", "", null]}}]}, {"_id":0,"name":1, "race":1})
{ "name" : "Buccaneer", "race" : "PIRATE" }
{ "name" : "Goblin Bomb", "race" : "MECHANICAL" }
{ "name" : "Pogo-Hopper", "race" : "MECHANICAL" }
{ "name" : "Weaponized PiÃ±ata", "race" : "MECHANICAL" }
{ "name" : "Galvanizer", "race" : "MECHANICAL" }
{ "name" : "Annoy-o-Module", "race" : "MECHANICAL" }
{ "name" : "Hecklebot", "race" : "MECHANICAL" }
{ "name" : "Amalgamation", "race" : "ALL" }
{ "name" : "Clockwork Gnome", "race" : "MECHANICAL" }
{ "name" : "Flying Machine", "race" : "MECHANICAL" }
{ "name" : "Annoy-o-Tron", "race" : "MECHANICAL" }
{ "name" : "Target Dummy", "race" : "MECHANICAL" }
{ "name" : "Jeeves", "race" : "MECHANICAL" }
{ "name" : "Zoobot", "race" : "MECHANICAL" }
{ "name" : "Psych-o-Tron", "race" : "MECHANICAL" }
{ "name" : "Bloodsail Cultist", "race" : "PIRATE" }
{ "name" : "Captain Hooktusk", "race" : "PIRATE" }
{ "name" : "Raging Contender", "race" : "PIRATE" }
> db.cards.find({$and: [{$or: [{"cardClass":"PALADIN"},{"cardClass":"SHAMAN"}]},{"artist":"Alex Horley Orlandelli"}]},{"_id":0,"name":1, "type":1, "cardClass":1})
{ "cardClass" : "SHAMAN", "name" : "Omega Mind", "type" : "MINION" }
{ "cardClass" : "PALADIN", "name" : "Smuggling", "type" : "ENCHANTMENT" }
{ "cardClass" : "PALADIN", "name" : "Smuggler's Run", "type" : "SPELL" }
{ "cardClass" : "SHAMAN", "name" : "Frost Shock", "type" : "SPELL" }
{ "cardClass" : "SHAMAN", "name" : "Rockbiter Weapon", "type" : "SPELL" }
{ "cardClass" : "SHAMAN", "name" : "Hagatha the Witch", "type" : "HERO" }
{ "cardClass" : "SHAMAN", "name" : "Earthen Might", "type" : "SPELL" }
{ "cardClass" : "SHAMAN", "name" : "Hagatha the Witch", "type" : "HERO" }
{ "cardClass" : "PALADIN", "name" : "Deathlord Nazgrim", "type" : "MINION" }
> exit
bye
[ah3866@i6 hs_folder]$ exit
logout
Connection to i6.cims.nyu.edu closed.
Anikas-MBP:~ anikahussen$ 
